../Core/Src/lora.c:95:6:LoRa_WriteReg	24	static
../Core/Src/lora.c:103:9:LoRa_ReadReg	32	static
../Core/Src/lora.c:113:13:LoRa_WriteBuffer	24	static
../Core/Src/lora.c:122:13:LoRa_ReadBuffer	24	static
../Core/Src/lora.c:134:13:LoRa_Reset	8	static
../Core/Src/lora.c:143:13:LoRa_Standby	16	static
../Core/Src/lora.c:156:13:LoRa_RxContinuous	16	static
../Core/Src/lora.c:171:13:LoRa_DoTransmit	112	static
../Core/Src/lora.c:223:16:LoRa_DoReceive	128	static
../Core/Src/lora.c:274:13:set_state	96	static
../Core/Src/lora.c:284:13:LoRa_GetStateString	4	static
../Core/Src/lora.c:296:18:LoRa_GetState	4	static
../Core/Src/lora.c:297:18:LoRa_GetTxSequence	4	static
../Core/Src/lora.c:300:13:send_and_wait_response	32	static
../Core/Src/lora.c:310:13:do_handshake_once	160	static
../Core/Src/lora.c:335:6:LoRa_TriggerHandshake	8	static
../Core/Src/lora.c:354:6:LoRa_ManualHello	8	static
../Core/Src/lora.c:356:6:LoRa_SendBye	40	static
../Core/Src/lora.c:363:6:LoRa_BuildDataPacket	32	static
../Core/Src/lora.c:371:22:send_data_with_retries	128	static
../Core/Src/lora.c:406:13:send_ping	104	static
../Core/Src/lora.c:423:6:LoRa_Init	200	static
../Core/Src/lora.c:556:15:LoRa_Service	120	static
